loneyes21 
nasha-83 
haizani 
wan_jejaka_idamanmu 
Arissya22 
IIIezal 
IDILZ 
iena[85] 
adsya 
[sebak] 
z4Ck_KL 
cr0m3 
nurasmira 
shasesr 
minah_jbharu 
emiesya_1982 
GaDiSkpG 
Guest22280 
ieda18 
waney 
zulkarnain
virgo-girl 
mie^|^za 
awek_kannaz 
^budak^penang^ 
^B4Lq1s^ 
RUL 
ahmad-albab2 
{{manis}} 
norsyazrah 
RAHIM^str8 
army777 
^LyyN^MaFiA^7 
motot BalQis^^ 
im_girl 
SKIN_BLIND 
FrEnZyBoYz 
Superman4Ever
Jack^dc 
Binzhagi_125z 
irlyana19KL 
Boy_sephia 
aWeK-MaFiA17 
sayer 
anti-pompuan 
^^KIRON 
Abg^Jgn^Kacau^Saya 
MinaH^AweK 
welly 
sofeadinaa 
MiiEE_2001 
Guest78510UiTM 
iyza^slamber 
zzzie 
MAIDA_1 
Dewi_Biru^ 
^aZs^ 
ini_kay 
Britney^84 
ezrina 
Juliet-love 
CUTEGIRL^JBteens 
kkklll 
^yati^yang^ 
shah-2001 
kambing_baik 
llNaTasHall
ZaRrlNNa^
nurul007 
J3s|inA85 
AwEk^darQknEsss
aOveDos 
aaMiRuLL^^ 
w0rmz- 
zadende 
malammann 
seri_83 
KuuNa^^ 
haidie 
cipan^blues zuar24 
syafiee 
LAVITZZ_85 
[GRUNGEGIRL] 
akalakatua 
aHan_jb 
Ayusz76A
FiQue_de_yaNAA
PutraDanial
Azai-1982
||viPER_S|| 
Kamilliya Jepyzura 
fizlyana83 
WOLFFeR 
BuDaK^SeMaT^Q 
girl_sempoi 
CeRryyNaa 
aldaniea
azlie_HKL
nurull14 
abg_machoria 
aieman 
cigariboy 
namazdir 
syawal01 
boyz-it
Babang_sx 
PUTERA^JOHOR 
TERDY_TAG666
l^i^n N-SYNC 
diEZaa 
Azro[y] 
[m]aXXimus^ 
azrieena 
NasirArmed 
af1q
[deeena] 
ina^^melaka 
backstreetboys 
eFa-BiDaDaRi 
Apul_[86]^^ 
doremipasola 
cinderella82 
abangfaizku 
BILLIE^JOE 
arreyie 
ismayatim 
unta^laut 
ryza
a555z 
paras^sakura 
Gil_VD 
katak_terkebil 
kambinghidup 
NORINA-15 
ThreeLioN
din-1985 
ellyyasni 
TaipinGirl 
w80610r 
ieja 
biawakrugi 
FongSunHup 
pHeoNixSAktI 
amailan
GuestDotCom
Calateh[bot]
dospads[bot]
MASRUL-IPH 
twitti_blurr 
h3ry^KKb 
Dezutq 
buah_dadaku 
janggil 
aNtuSudU- 
|[cR0W]| 
apektua 
alongsepoon 
fatimah999 
CRISTAL-GIRL 
teruna_team 
are_yoi
ayip_01 
SaRaH_cUtE 
Mikrami 
Mairiy 
syazliana_cute 
rc-boys 
syazie 
WIRATUNJANG 
abg^die 
sweet^^17
UnDoTeKoTea 
are_zamani 
ProTech[Bot] 
yellowalien 
sonicgirltutu 
han^anisa 
P0Lk-- 
al_Azhar15Km 
jauhari 
Scorpion^B0y 
abgputera 
cepoimacho 
heryz 
jeslina 
kusumwer 
kid_1818 
moto-spott 
FEENDII 
himalaya12000 
melk_girl 
calvin^kiefer 
KXYNA 
|abgshah^^ 
slaxeri 
petyru 
mcsKK-55 
wanieey 
Qamaru|| 
puyupuyu 
ina22nak 
^GaDiS^CuN^ 
gnfgfg 
ABANGMACHO0 
hardy_girlz 
atirah21 
MsNanakoSakurako 
diana-82 Afiaey 
AeEMma
gearl 
I^nak^aper 
Cuba-teka
fazrie^^ 
ILIYA85 
phulute 
Serie^23^ 
AZIE1001 
aishawarya 
azlan43 
RuCkEr_teChNo 
Manja2001^^^ 
keluang-mania 
Abang-Sepinie 
firza^^83 
Mizi_^85^ 
eeeee-dayu 
eLaiNa^cute 
bugstar 
bLuE^g|RL15 
Nelxondy^^SeMPOOii
sWeEt-mAdU 
UzulSirani 
Zyla19 
UdiAna_Uzi
boys_kulai 
insanie 
adik-gersang 
ellty 
lelaki_melayu^terakhir
EWAN_24 
King_Shah 
AMNPJK 
hip_hop_gurlz 
MeX_kRoNiKs 
warez_boy 
uudee 
zuhaina_19 
Crazy_girl15^ 
tie1513 
doralyin 
Aku_Budak_Ganuu 
DeQ^^Naa 
JEHCRICO0 
madx2345 
antara4gadis 
FaizY2J 
masirah83 
abang_adie 
norish 
aNNasha 
rEd_dEvIl_209 
zola 
azree^^^black^^ 
shah0075 
ApiSzZ 
taysa_lieza 
Batu_LESONG^ 
boy_21 
zambree 
Sham^ 
akmal^ 
jacko^ 
antioni_boyz 
pUtEra_
alin_AfNi 
HUMANis 
lovingggmale 
Ainnnnnnnnnnnnnnn 
ayu_18 
QuEeN^aMiDaLa 
a-bg`Projek` 
BLUE-HAWKS 
aienna_ally 
Ardina_18 
aangahhhhh 
NIGHTcobra 
zamrul15 
FANTAGIRO 
[Athena] 
wan_morello 
dangerous_boy 
alloy 
hyphop 
bio^^hazard 
fami 
juliettrg 
LINKIN^PARK_BOYZ 
fred_durst^^ 
senduk^^girl17^ 
eifa_cute
CUCU_JIN 
rie_zal 
gie33 
sofiana 
PUTRI_BALQISS 
NiNiE^PnG 
Guest42130 
jejaka07 
reaZman 
alonggarpu 
g-m|e^on_SArra 
syed2001 
SeJaTi[X] 
Guest65810 
^^haeida^^ 
s-y-j 
ontirik 
IIsha 
CUPIN_WORKSHOPS 
sara22 
cahya 
Guest61050 
kiblat 
Rosha82 
aiza_302 
macho_nan 
Babe^A|Ra 
myzul 
aRe_na01 
afar_2001 
izzam^^ 
WANLY 
Puteri[Riena] 
Puteri[Aishah] 
hanif_01 
rose_aty 
desha
nak_main 
WANIE-99] 
ayie`ed 
lepang 
baby_ittar 
Guest57160 
zaq79 
honeiy007 
along1 
LIEZA 
ALYSSA01 
ayang-97 
Gir|^WesT 
AbgzUaN-01 
AwEk^cUnN 
mimie^ 
LELAKI_BERGAYA 
Guest43671 
lan_jb 
Shah_86 
MiMIEs 
k-ries 
pondmanjer 
SUAMI-26 
wanida18 
syaggy 
HAMPAS 
hafizieeee 
nadrah15 
RAz_Lynn 
kaloi 
CDdrOOm 
erin^_^ 
eg-9 
giwb2344 
rizman_hairi 
Awek^malang` 
^azli^ 
miss_smile^^
HAIZAD 
Guest56860 
mariah^^
ABGGERSANG arijodoh 
Ikhwan_01 
just_j 
lias 
irrwann 
^_ZOESHA_^ 
METALLURGICAL3SUITE 
bergegar Hlello 
jon^jenin 
FarAh^DEaNa 
puteri_85 
airin 
akmal87 
AwEk[Malang] 
Pemuda^Idaman 
DalFina 
e-cah_serdang 
eRlees_17 
TAA 
SWEET_GURL 
krieeza 
anneura 
abangnaksxx 
n-putra 
abgpancutdlmm 
secrt 
Guest80998 
fadli_83 
ABGKL 
pikacu 
mael82 
AmaN^ShaH
II-MIEN 
d_putra 
trisya 
faraziela 
mccc_girl 
budak-plastik 
abgpanas 
^NATASHA^ 
sham-21 
Redha_19SABS 
haszrull_fahmee 
Baby_Dila 
ZuRa^AhaDiA 
diela_cute 
aLiCe_HoNeY 
SEVEN7 
skaters_boy 
hizam 
abdulhalim32 
kesarpanjang 
hAnIS 
IZA-979 
Maluvi 
AZAM 
onie_300686 
Fflat 
nora72 
WALIFF 
Madi20 
abg_selamber^ 
lovegunz 
yaniey79 
elyana 
fatimah 
Fika_kl 
jcup-afk 
ridz_juara
Guest83930 
thermostat 
Guest74480 
^^Epul^^^ 
hardian 
Kthyme 
ALIEN168 
perdanaV6_007 
Abang_Pangkor 
edie_dugong 
FAZLEY 
balqis_1783 
{aRRy}^BoYz 
segan 
ieja_16_Sel 
lateman 
Prince_ezuan 
dino_life 
man_along 
syiekien7210 
puteri_alisha 
Ainur82 
KFL83 
wardah19 
Guest5080 
Isabella_anna81 
B-ZeeGurl 
anisakila 
Guest25970 
Guest62776 
Guest42667 
kutem 
Makasya23 
NEKMATNYEE
saufi_kl 
sempiz 
ziela $+ $r(15,23)
FIZ_85 
Guest53102 
AQUA_GIRLZ 
surya25 
art33 
azuel 
aloy51o 
PUTERI^^CINDERALALOK 
Meh_di 
NURSALASIAH 
joe^22 
zaifahanim 
KVINA 
JuNaiDah_85a 
ellenadia ajaiys 
SEMPOI_ES 
SyaFiKA_cUn 
mayat235 
peng-yu07 
telo00
TelorBusuk
Guest44300 
^^LoNeLyMaN30^^ 
nyah^nashaa 
malaygurl2001 
jalankam 
puTRi_cinDRaLAloK 
shukri_realmadrid 
^peace^-^ 
lady_inmask217 
Guest54080
shah^^ida 
boyourt 
alin_kiut 
Yang_Guo 
eiMM34 
DuKu_skin2 
^^wan^ 
Guest51599 
ibnuzul 
helmi2000 
aiiiiiiu 
red^^devil 
juliaet 
anakbujang 
limp_boy7 
ariatie 
firdauss 
ARE_UNIE86 
diana84 
NIESHA $+ $r(15,23)
Rizal26_KL 
abgusapa 
siapaLahAku 
Zura $+ $r(15,23)
shaif 
ALICE $+ $r(15,29) 
ierablues 
leo_lab 
antu_tanah_hitam 
LEEN_87 
erni_eni 
LyNdA_Flizzow 
aztech^_^ 
ameer_01 
ayannggg_riannggg 
iera_284
aswanie $+ $r(15,23) 
rostikah 
abgjeff 
k^^b 
eddy007 
ozzyf1 
khay 
Guest83720 
kamar_sepi 
[RomeO^BoY] 
BangiJum 
shahzal 
BAZZUL 
duda $+ $r(25,53) 
abgDuda $+ $r(35,53) $+ kl 
zol enie^_^ 
aWeK_kOrN_vEnT02 
|HaRD|^|DiSK|^ 
Guest06009 
Kerina_ $+ $r(15,33) 
mzr2003 
Jcos 
Guest91840 
BadLookinGuy^ 
fifyn 
Mzein 
BlueMafia 
iiieerra 
syasya 
makanbudak[bot]
jiha^^^ 
lan_991 
ABGNAZA 
bujang $+ $r(15,33) 
prai[guardian]
nenekccun 
MeNgKaRuNg^bEsT 
Guest51720 
Zachz 
Sephia-Janes
emmamanja 
KuatMain 
YYONEX 
abg_BSRPNJG $+ $r(15,33) 
Guest76387 
anggah
AngahBurger
BurGer-DaginG
Kurap
Jalan`Tar
PERO2-KanciL
Kelisa`Emas
DEE_FERRARI 
Nurazlina $+ $r(15,33) 
fruster $+ $r(15,33)
Honeyz` 
ZZach 
Psycooo 
Jethesh 
morena___ 
Jelawat_Merah
Tapah-Sungai
DalDa[a]
BooTa[a]
Sheed[a]a
Dilber
Laldl[a]
Lafenter
Loffer
Bas[a]nte
Shareff
Galto
Siker
Derba
Kukker
Godaa
Thudaa
Beeta
Tester
Fillter
Calander
Clonner
PepsiCan
Cocalola
DeepFreezer
Koolarr
Kodaa
Teaspone
FreingPan
Sinker
WashBeson
Kamode
DoorOpener
DoorCloser
GateKeepar
KoolingFan
SheedaTalli
ExhuastFan
Exterminal
Qalander
Berger
AshTray
Smookerr
Snookerr
Stikkey
NeemaToda
ArthoPoda
UllBlull
AkkerBakker
BambayBoo
JeeraCycle
Cyele`e`Oye
Honda125
HondaCD70
TexiDriver
HinoDriver
MunnayMian
AbdulShakoor
AbdulQudoos
BhoorayMamoo
KalayMian
PatayKhan
FittayMoon
JozafGujjar
DilberJani
MichealButt
MeKDonaalD
HoNoLoLo
HoNoLoLa
WaiJaHaZ
CharCsEe
BhanGie
MahaYoGi
MaHaPitta
PittaJeeE
MuhaDaDy
DaDaAbhU
AbhUJaHeL
TanHaUllU
GhaForaa
SaMaSaTa
GuDDOo
GhaReeB
LaKeeR
BaReeK
NaasPitta
PhuRkiPeNa
DhoBhi
NasheliDhoBen
NashaiKhusRa
UlluDaPatha
KunWaRayLaL
BhoSreeDa
BeSurra
AnuPJhaluta
PhanayKhan
TanSain
TehMoorLanGRa
ShaReeFBadMash
AasuBilla
ZulamDaIntaQaM
GujjerDaVear
ZahReeLiNaGin
TherkIKhusRa
FazlURehamTherki
MussaretShaheen
DimpalKapaDia
KateKapatti
JeeRaNKapaTi
PhuPhayKuTT
LaWaLooTi
PhuPhoJaaN
FiLmiHeRo
AajKaNayek
DaLaaL
TunnGainda
UGainda
BullFiter
Cundactor
MastWagon
Meaz
Skooter
ShaHeen
NaziaKhan
IramShaheen
FoziaIqbal
IshratFatima
Munazza
MadhoriDixet
SiriDevi
PoJaBhat
ShushMeeta
IshwariaRoye
ShahhRuKh
FazoolAdme
FullyFaltoo
TimePaSS
Fasadia
FitnaYBaZ
ColorBaZ
C-Blinde
KoTWaL
ShahreBabu
ChaudharySaaB
TopMirasi
ChorSipahi
GopiKishan
DillJaLa
AwaraGerd
HalfTunn
SuzukY
ToYoTaA
KaWaZaKi
RoundGlobe
EarthQuaqe
MasiMusebTay
TubeLite
Pepsi-PK
CoKe-PK
Maranda-PK
WoodyWoodPaker
PinkPantherassz
Emailer
BrakeDancer
RockDancer
ADLFOwnz
WarezDSSAppz
WithTheSpy
SonyVaioBoy
WarezIsDaBest
WatchOutNerd
NerdBoyzz
CDRW-XP
MenInBlue
Sunkist
NotePadIuse
Go-To-School
[A]w[a]y
GlassesRFAGS
MirccirM
MirrorMannn
BassISbbaabad
CopsRHere
119PMisTheTime
mIRCwOrKeR
ServicesRUp
ServicesRDown
UBlue^
DieInBlue
NecMultiSyncXV17
NicksRTheWayToBe
sosoheyiknowu
noudon'tknowme
yesidouto
Hey-Whats-Up
Channel-Has-A-NerdinIT
heymoviesmovies
BlockBustersRHere
DoorsRthere
HereWeGo
UpDown^otherway
Start-Button
Windows--XP--Pro
WhatsThatSue
BobsMarket
JoesApartment
JoesHouse
JoesWork
ThisIsANick
WarezGamesAppzDSSisGOOD
DontBeDumb
DumbDaveIsHere
YoMaMan
Utheredude-
WhatzzzzzzzUp
DaBombyeaADLF
ADLFOwnzzzzU
ADLFucksUp
MyFriend-ADLF
MemberOfADLF
OwnerzOfADLF
HehaLOLHAHAHEHE
DrinkOrDie-LOL-cool
Windows--95
Windows--98
Windows--98SE
Windows--2000-Pro
Windows--2000-Home
Windows--XP-Pro
Windows--XP-Home
Windows--NT
OS-Linux--
ThisChannelRocks
ADLF-Serv
SnipersRBad
DontHitKill
URwerid
ugotownedyea
Dontfuckwithme
dontthinkaboutit
sowhatisaidso
MAKEMEPUNK
EATMEyea
ASkingASking[A]way
Fakerzzs
NoFunAtSchool
DoYourWork
VHostRfunny
ICU-ICP-ICURGAY
RUNNNNHESgayAHH
ThisIsHardNotThat
Cards-Magic
Nicalis
MuhamaAli
DualDriveCD-RW-DVD-Rom
1-2GHz-12x-CD-RW-SonyVaio-Windows-XP-Pro
WEwillWeWillRocku
WeServForU
NEthangButThat
Dontlietome
DrEvil```
Channels-What-Kind-TV
NahWeLoveThisChannel
Flood-Protection-Is-On
I-Hate-Spammerz
Spammerz-Will-Die
DontSPAM
DoUWantSpamInACan
ProxieManIsHere
Helperzzzs
IntelP3chip
SpaceManIsHere
Blitzsz
Windows--XP
Deniedxx
KennyisDead
BigDawggggz
BarkingWithMe
ShellsSeaShells
WArezCentrelismyhouse
DontWatchThatMovie
AhhhhGetYourFingerOutaThatDog
GetOutaHereUFingingdogperson
yourfuckedupdude
lookatyourfinger
nahitsmeals
proxieisinthehouse
yourfuckedbyadlf
adlfisowningyoulikeadog
DJ6546546456
DJ10101010101
DJvirusz
DJ654654asdf
DJ1aBsCdSaD
WOWAasdfasdfishere
imADLFtousee
dontmakefunofme
ycazyourdumb
yeathatsy
okdudezzzwhatsup
idonnutellme
yutellme
filesrbetter
dataisbetter
formatisbetter
viewisbetter
[Xsoft]Boyz
[Xsoft]Windows-XP
[Xsoft]Blitz
[Xsoft]Deniedx
[Xsoft]BigDawwg
[Xsoft]Ownz
[Xsoft]Clan
[Xsoft]Team
[Xsoft]Kicks
[Xsoft]Your
[Xsoft]ASS
[Xsoft]1
[Xsoft]2
[Xsoft]3
[Xsoft]4
[Xsoft]5
[Xsoft]6
[Xsoft]7
[Xsoft]8
[Xsoft]9
[Xsoft]10
[Xsoft]11
[ADLF]12
[ADLF]13
[ADLF]14
[ADLF]15
[ADLF]16
[ADLF]17
[ADLF]18
[ADLF]19
[ADLF]20
[ADLF]21
[ADLF]22
[ADLF]23
[ADLF]24
[ADLF]25
[ADLF]26
[ADLF]27
[ADLF]28
[ADLF]29
[ADLF]30
[ADLF]31
[ADLF]32
[ADLF]33
[ADLF]34
[ADLF]35
[ADLF]36
[ADLF]37
[ADLF]38
[ADLF]39
[ADLF]40
[ADLF]41
[ADLF]42
[ADLF]43
[ADLF]44
[ADLF]45
[ADLF]46
[ADLF]47
[ADLF]48
[ADLF]49
[ADLF]50
[ADLF]51
[ADLF]52
[ADLF]53
[ADLF]54
[ADLF]55
[ADLF]56
[ADLF]57
[ADLF]58
[ADLF]59
[ADLF]60
[ADLF]61
[ADLF]62
[ADLF]63
[ADLF]64
[ADLF]65
[ADLF]66
[ADLF]67
[ADLF]68
[ADLF]69
[ADLF]70
[ADLF]71
[ADLF]72
[ADLF]73
[ADLF]74
[ADLF]75
[ADLF]76
[ADLF]77
[ADLF]78
[ADLF]79
[ADLF]80
i654564654564
i654
i564654564
i4564
i65464
i6454
i213
i2123132
i123
i1321321386484
i6658484
i55604654054
i101001110011
[F][I][G][H][T]
[W]elcome
time04-06-45
DrClaw'
FightingManDr
Dr`You-Know-What
Dr`a-no-i-dont
mIRCisthewaytostopafloodduh
thisisthebiggestnickintheworldheheuknowthatyetididntsoiknownow
youdontnkowwhoiam
yesido
noudont
sowhat
hoewhere
fingeryfready
TheFastAndTheFurious
CarzGoFast
TurnksInMud
YouEatGrass
DeniedX`
Status```
AIM-The-Other-Way
Knock-Knock-Go-Away
Drink-In-A-Can
`500-CDs
WhereDude--
Dude-Wheres-Your-Car
Lights-on-Lights-off
WakeUpAndLookAtTheWindow
Windows-999999
HACK3Rzsz
RemeberNothingOrDie
OkIGetIt
NoIDont
YesIDo
SnapperHead```
c-dyne```
ChadWick0585`
kenny_at_shop`
PB``
BiGGdawG`
^Ghost`
^Ghost``
Incog``
caretaker`
Blitz````
Blitz```
Blitz``
Blitz`
RoadRunner``
SpeedUp``
Greetings``
Start``
eloise $+ $r(15,45)
NoInviter 
GuarDianBot $+ $r(1,99) 
Tina $+ $r(15,29)
X-CaliBreBot $+ $r(1,99)
MircBot $+ $r(1,99)
Eggdrop $+ $r(1,99)
PsyBnc $+ $r(1,99)
ToolBot $+ $r(1,99)
JavaBot $+ $r(1,99)
ShakE`6ofira
[ShakE][Corp]
[ShakE]iT
JusT[ShakE]iT